set rsrs  Regions in the aggregation /	
	CHN

	EUR	Europe	
	APD	Asian and Pacific Developed Countries or Regions
	ASI	Other Asian Countries
	NAM	United States and Canada
	CAA	Formal Soviet Union and Central Asia and Africa
	ROW	Latin America and Eastern European Countries and rest of the world	
/;

   
set	r_(rsrs)	/CHN/;
set	s_(rsrs)	/EUR,APD,ASI,NAM,CAA,ROW/;
set	rs_(rsrs)	/CHN,EUR,APD,ASI,NAM,CAA,ROW/;
set	s1_(s_)		/EUR,APD,ASI,NAM,CAA,ROW/;


set ii	Sectors in aggregation/
	AGR
	COL
	CRU
	GAS
	OMN
	LID	"Light industries"
	OIL
	EID	"Energy intensive industries"
	OID	"Other industries"
	TME	"Transport equipments"
        ELE     
        GDT     
        WTR         
        TRD     
        TRP     
        OTH       
/;

alias (f,ff);
SET mapf(f,ff)	Mapping of factors;
mapf(f,f) = yes;


alias (yr,yryr);
SET mapyr(yr,yryr)	Mapping of time;
mapyr(yr,yr) = yes;


alias (nhw,nhwnhw);
SET mapnhw(nhw,nhwnhw)	Mapping of nhw;
mapnhw(nhw,nhw) = yes;

alias(trade,tradetrade);
SET maptrade(trade,tradetrade)	Mapping of trade;
maptrade(trade,trade) = yes;

SET maprs(rs,rsrs) Mapping of GTAP Regions (from-to) /
	BEJ.CHN
	TAJ.CHN
	HEB.CHN
	SHX.CHN
	NMG.CHN
	LIA.CHN
	JIL.CHN
	HLJ.CHN
	SHH.CHN
	JSU.CHN
	ZHJ.CHN
	ANH.CHN
	FUJ.CHN
	JXI.CHN
	SHD.CHN
	HEN.CHN
	HUB.CHN
	HNA.CHN
	GUD.CHN
	GXI.CHN
	HAI.CHN
	CHQ.CHN
	SIC.CHN
	GZH.CHN
	YUN.CHN
	SHA.CHN
	GAN.CHN
	NXA.CHN
	QIH.CHN
	XIN.CHN

	JPN.APD
	KOR.APD
	IDN.ASI
	IND.ASI
	CAN.NAM
	USA.NAM
	MEX.ROW
	ARG.ROW
	BRA.ROW
	FRA.EUR
	DEU.EUR
	ITA.EUR
	GBR.EUR
	RUS.CAA
	TUR.CAA
	ZAF.CAA
	ANZ.APD
	REU.EUR
	TSG.APD
	SSA.CAA
	MEN.CAA
	LAM.ROW
	FSU.CAA
	ASI.ASI
	ROW.ROW
	/;

SET mapi(i,ii) Mapping of sectors (from-to) /
        AGR.AGR     	
        COL.COL     
        CRU.CRU     
        GAS.GAS     
        OMN.OMN     
        FBT.LID     		
        TEX.LID     
        CLO.LID     
        OIL.OIL    
        LUM.LID     
        PPP.LID     
        CRP.EID     
        NMM.EID     
        MSP.EID     
        FMP.OID     
        OME.OID    
        TME.TME     
        ELQ.OID     
        OMF.OID     
        ELE.ELE     		
        GDT.GDT     		
        WTR.WTR     
        CON.OID     		
        TRD.TRD     
        TRP.TRP     
        OTH.OTH     
        /;
